2025-12-18 15:10:38,857 - db_helper - INFO - fetch_expenses_for_date called with 2024-09-29
2025-12-18 15:10:38,904 - db_helper - INFO - fetch_expense_summary called with start: 2024-08-01 end: 2024-08-05
2025-12-18 15:12:44,761 - db_helper - INFO - fetch_expenses_for_date called with 2024-09-29
2025-12-18 15:12:44,815 - db_helper - INFO - fetch_expense_summary called with start: 2024-08-01 end: 2024-08-05
2025-12-18 15:19:33,413 - db_helper - INFO - fetch_expenses_for_date called with 2024-08-01
2025-12-18 15:20:40,410 - db_helper - INFO - delete_expenses_for_date called with 2024-08-28
2025-12-18 15:20:40,445 - db_helper - INFO - insert_expense called with date: 2024-08-28, amount: 23.0, category: Shopping, notes: Bought a mercedez car
2025-12-19 12:16:22,145 - db_helper - INFO - fetch_expenses_for_date called with 2024-08-01
2025-12-19 12:16:24,921 - db_helper - INFO - fetch_expenses_for_date called with 2024-08-01
2025-12-19 12:16:43,270 - db_helper - INFO - fetch_expenses_for_date called with 2024-08-01
2025-12-19 12:16:44,520 - db_helper - INFO - fetch_expenses_for_date called with 2024-08-01
2025-12-19 12:16:48,923 - db_helper - INFO - fetch_expenses_for_date called with 2024-08-01
2025-12-19 12:16:58,802 - db_helper - INFO - fetch_expenses_for_date called with 2024-08-01
2025-12-19 12:16:59,868 - db_helper - INFO - fetch_expenses_for_date called with 2024-08-01
2025-12-19 12:17:11,582 - db_helper - INFO - fetch_expenses_for_date called with 2024-08-01
2025-12-19 12:17:12,956 - db_helper - INFO - fetch_expenses_for_date called with 2024-08-01
2025-12-19 12:17:21,140 - db_helper - INFO - fetch_expenses_for_date called with 2024-08-01
2025-12-19 12:17:23,519 - db_helper - INFO - fetch_expenses_for_date called with 2024-08-01
2025-12-19 12:17:25,536 - db_helper - INFO - fetch_expenses_for_date called with 2024-08-01
2025-12-19 12:17:32,878 - db_helper - INFO - fetch_expenses_for_date called with 2024-08-01
2025-12-19 12:17:34,752 - db_helper - INFO - fetch_expenses_for_date called with 2024-08-01
2025-12-19 12:17:44,251 - db_helper - INFO - fetch_expenses_for_date called with 2024-08-01
2025-12-19 12:17:55,006 - db_helper - INFO - fetch_expenses_for_date called with 2024-08-01
2025-12-19 12:18:32,366 - db_helper - INFO - fetch_expenses_for_date called with 2024-08-09
2025-12-19 12:18:39,325 - db_helper - INFO - fetch_expenses_for_date called with 2024-08-05
2025-12-19 12:20:44,917 - db_helper - INFO - fetch_expenses_for_date called with 2024-08-05
2025-12-19 12:21:38,895 - db_helper - INFO - fetch_expenses_for_date called with 2024-08-05
2025-12-19 12:21:40,592 - db_helper - INFO - fetch_expenses_for_date called with 2024-08-05
2025-12-19 12:21:43,472 - db_helper - INFO - fetch_expenses_for_date called with 2024-08-05
2025-12-19 12:21:53,206 - db_helper - INFO - fetch_expenses_for_date called with 2024-08-05
2025-12-19 12:21:57,827 - db_helper - INFO - fetch_expenses_for_date called with 2024-08-05
2025-12-19 12:22:06,747 - db_helper - INFO - fetch_expenses_for_date called with 2024-08-05
2025-12-19 12:22:08,327 - db_helper - INFO - fetch_expenses_for_date called with 2024-08-05
2025-12-19 12:22:12,762 - db_helper - INFO - fetch_expenses_for_date called with 2024-08-05
2025-12-19 12:22:19,811 - db_helper - INFO - fetch_expenses_for_date called with 2024-08-05
2025-12-19 12:22:24,842 - db_helper - INFO - fetch_expenses_for_date called with 2024-08-05
2025-12-19 12:22:32,027 - db_helper - INFO - fetch_expenses_for_date called with 2024-08-05
2025-12-19 12:22:36,285 - db_helper - INFO - fetch_expenses_for_date called with 2024-08-05
2025-12-19 12:22:38,459 - db_helper - INFO - fetch_expenses_for_date called with 2024-08-05
2025-12-19 12:22:45,901 - db_helper - INFO - fetch_expenses_for_date called with 2024-08-05
2025-12-19 12:22:51,351 - db_helper - INFO - fetch_expenses_for_date called with 2024-08-05
2025-12-19 12:22:54,162 - db_helper - INFO - fetch_expenses_for_date called with 2024-08-05
2025-12-19 12:23:26,468 - db_helper - INFO - fetch_expenses_for_date called with 2024-08-05
2025-12-19 12:23:34,147 - db_helper - INFO - fetch_expenses_for_date called with 2024-08-05
2025-12-19 12:23:39,365 - db_helper - INFO - fetch_expenses_for_date called with 2024-08-05
2025-12-19 12:23:48,800 - db_helper - INFO - fetch_expenses_for_date called with 2024-08-05
2025-12-19 12:23:50,305 - db_helper - INFO - fetch_expenses_for_date called with 2024-08-05
2025-12-19 12:23:52,481 - db_helper - INFO - fetch_expenses_for_date called with 2024-08-05
2025-12-19 12:23:54,941 - db_helper - INFO - fetch_expenses_for_date called with 2024-08-05
2025-12-19 12:23:56,920 - db_helper - INFO - fetch_expenses_for_date called with 2024-08-05
2025-12-19 12:23:59,163 - db_helper - INFO - fetch_expenses_for_date called with 2024-08-05
2025-12-19 12:24:06,405 - db_helper - INFO - fetch_expenses_for_date called with 2024-08-05
2025-12-19 12:24:11,702 - db_helper - INFO - fetch_expenses_for_date called with 2024-08-05
2025-12-19 12:24:11,785 - db_helper - INFO - fetch_expenses_for_date called with 2024-08-05
2025-12-19 12:25:20,335 - db_helper - INFO - fetch_expenses_for_date called with 2024-08-05
2025-12-19 12:25:26,815 - db_helper - INFO - fetch_expenses_for_date called with 2024-08-05
2025-12-19 12:25:29,499 - db_helper - INFO - fetch_expenses_for_date called with 2024-08-05
2025-12-19 12:25:47,276 - db_helper - INFO - fetch_expenses_for_date called with 2024-08-05
2025-12-19 12:25:51,031 - db_helper - INFO - fetch_expenses_for_date called with 2024-08-05
2025-12-19 12:25:53,135 - db_helper - INFO - fetch_expenses_for_date called with 2024-08-05
2025-12-19 12:38:03,187 - db_helper - INFO - fetch_expenses_for_date called with 2024-08-05
2025-12-19 12:38:44,501 - db_helper - INFO - fetch_expenses_for_date called with 2024-08-05
2025-12-19 12:40:30,347 - db_helper - INFO - fetch_expenses_for_date called with 2024-08-02
2025-12-19 12:47:51,158 - db_helper - INFO - fetch_expenses_for_date called with 2024-08-01
2025-12-19 12:50:09,753 - db_helper - INFO - fetch_expenses_for_date called with 2024-08-01
2025-12-19 14:32:39,316 - db_helper - INFO - fetch_expenses_for_date called with 2024-08-01
2025-12-19 14:36:06,846 - db_helper - INFO - fetch_expenses_for_date called with 2024-08-01
2025-12-19 14:36:56,755 - db_helper - INFO - fetch_expenses_for_date called with 2024-08-01
2025-12-19 14:36:58,131 - db_helper - INFO - fetch_expenses_for_date called with 2024-08-01
2025-12-19 14:37:05,253 - db_helper - INFO - fetch_expenses_for_date called with 2024-08-01
2025-12-19 14:37:10,266 - db_helper - INFO - fetch_expenses_for_date called with 2024-08-01
2025-12-19 14:37:16,940 - db_helper - INFO - fetch_expenses_for_date called with 2024-08-01
2025-12-19 14:37:19,596 - db_helper - INFO - fetch_expenses_for_date called with 2024-08-01
2025-12-19 14:37:22,322 - db_helper - INFO - fetch_expenses_for_date called with 2024-08-01
2025-12-19 14:37:27,134 - db_helper - INFO - fetch_expenses_for_date called with 2024-08-01
2025-12-19 14:37:35,763 - db_helper - INFO - fetch_expenses_for_date called with 2024-08-01
2025-12-19 14:37:37,851 - db_helper - INFO - fetch_expenses_for_date called with 2024-08-01
2025-12-19 14:37:41,166 - db_helper - INFO - fetch_expenses_for_date called with 2024-08-01
2025-12-19 14:37:43,975 - db_helper - INFO - fetch_expenses_for_date called with 2024-08-01
2025-12-19 14:37:50,431 - db_helper - INFO - fetch_expenses_for_date called with 2024-08-01
2025-12-19 14:37:56,652 - db_helper - INFO - fetch_expenses_for_date called with 2024-08-01
2025-12-19 14:38:00,061 - db_helper - INFO - fetch_expenses_for_date called with 2024-08-01
2025-12-19 14:38:30,568 - db_helper - INFO - fetch_expenses_for_date called with 2024-08-01
2025-12-19 14:38:31,590 - db_helper - INFO - fetch_expenses_for_date called with 2024-08-01
2025-12-19 14:38:37,214 - db_helper - INFO - fetch_expenses_for_date called with 2024-08-01
2025-12-19 14:39:11,161 - db_helper - INFO - fetch_expenses_for_date called with 2024-08-01
2025-12-19 14:39:21,996 - db_helper - INFO - fetch_expenses_for_date called with 2024-08-01
2025-12-19 14:39:24,800 - db_helper - INFO - fetch_expenses_for_date called with 2024-08-01
2025-12-19 14:39:26,053 - db_helper - INFO - fetch_expenses_for_date called with 2024-08-01
2025-12-19 14:39:28,279 - db_helper - INFO - fetch_expenses_for_date called with 2024-08-01
2025-12-19 14:39:29,896 - db_helper - INFO - fetch_expenses_for_date called with 2024-08-01
2025-12-19 14:39:39,880 - db_helper - INFO - fetch_expenses_for_date called with 2024-08-01
2025-12-19 14:39:41,553 - db_helper - INFO - fetch_expenses_for_date called with 2024-08-01
2025-12-19 14:40:10,339 - db_helper - INFO - fetch_expenses_for_date called with 2024-08-02
2025-12-19 14:40:37,948 - db_helper - INFO - fetch_expenses_for_date called with 2024-08-05
2025-12-19 14:41:29,715 - db_helper - INFO - fetch_expenses_for_date called with 2024-08-05
2025-12-19 14:41:41,501 - db_helper - INFO - fetch_expenses_for_date called with 2024-08-05
2025-12-19 14:41:53,367 - db_helper - INFO - fetch_expenses_for_date called with 2024-08-06
2025-12-19 14:46:08,732 - db_helper - INFO - fetch_expenses_for_date called with 2024-08-06
2025-12-19 14:46:13,509 - db_helper - INFO - fetch_expenses_for_date called with 2024-08-06
2025-12-19 14:46:17,172 - db_helper - INFO - fetch_expenses_for_date called with 2024-08-06
2025-12-19 14:47:06,202 - db_helper - INFO - fetch_expenses_for_date called with 2024-08-06
2025-12-19 14:47:31,660 - db_helper - INFO - fetch_expenses_for_date called with 2024-08-06
2025-12-19 14:47:34,218 - db_helper - INFO - fetch_expenses_for_date called with 2024-08-06
2025-12-19 14:48:32,086 - db_helper - INFO - fetch_expenses_for_date called with 2024-08-06
2025-12-19 14:48:38,473 - db_helper - INFO - fetch_expenses_for_date called with 2024-08-06
2025-12-19 14:48:49,193 - db_helper - INFO - fetch_expenses_for_date called with 2024-08-06
2025-12-19 14:48:52,420 - db_helper - INFO - fetch_expenses_for_date called with 2024-08-06
2025-12-19 14:48:56,778 - db_helper - INFO - fetch_expenses_for_date called with 2024-08-06
2025-12-19 14:49:00,089 - db_helper - INFO - fetch_expenses_for_date called with 2024-08-06
2025-12-19 14:49:22,731 - db_helper - INFO - fetch_expenses_for_date called with 2024-08-06
2025-12-19 14:49:24,922 - db_helper - INFO - fetch_expenses_for_date called with 2024-08-06
2025-12-19 14:49:37,817 - db_helper - INFO - fetch_expenses_for_date called with 2024-08-06
2025-12-19 14:49:40,631 - db_helper - INFO - fetch_expenses_for_date called with 2024-08-06
2025-12-19 14:49:42,994 - db_helper - INFO - fetch_expenses_for_date called with 2024-08-06
2025-12-19 14:49:44,370 - db_helper - INFO - fetch_expenses_for_date called with 2024-08-06
2025-12-19 14:49:46,717 - db_helper - INFO - fetch_expenses_for_date called with 2024-08-06
2025-12-19 14:49:48,891 - db_helper - INFO - fetch_expenses_for_date called with 2024-08-06
2025-12-19 14:49:51,973 - db_helper - INFO - fetch_expenses_for_date called with 2024-08-06
2025-12-19 14:50:00,033 - db_helper - INFO - fetch_expenses_for_date called with 2024-08-06
2025-12-19 14:50:18,207 - db_helper - INFO - fetch_expenses_for_date called with 2024-08-06
2025-12-19 14:50:21,932 - db_helper - INFO - fetch_expenses_for_date called with 2024-08-06
2025-12-19 14:50:23,369 - db_helper - INFO - fetch_expenses_for_date called with 2024-08-06
2025-12-19 14:50:35,145 - db_helper - INFO - fetch_expenses_for_date called with 2024-08-06
2025-12-19 14:50:36,465 - db_helper - INFO - fetch_expenses_for_date called with 2024-08-06
2025-12-19 14:50:38,737 - db_helper - INFO - fetch_expenses_for_date called with 2024-08-06
2025-12-19 14:50:45,983 - db_helper - INFO - fetch_expenses_for_date called with 2024-08-06
2025-12-19 14:50:49,009 - db_helper - INFO - fetch_expenses_for_date called with 2024-08-06
2025-12-19 14:51:27,920 - db_helper - INFO - fetch_expenses_for_date called with 2024-08-06
2025-12-19 14:51:30,539 - db_helper - INFO - fetch_expenses_for_date called with 2024-08-06
2025-12-19 14:51:57,817 - db_helper - INFO - fetch_expenses_for_date called with 2024-08-06
2025-12-19 14:52:00,835 - db_helper - INFO - fetch_expenses_for_date called with 2024-08-06
2025-12-19 14:52:33,632 - db_helper - INFO - fetch_expenses_for_date called with 2024-08-06
2025-12-19 14:52:39,795 - db_helper - INFO - fetch_expenses_for_date called with 2024-08-06
2025-12-19 14:52:43,597 - db_helper - INFO - fetch_expenses_for_date called with 2024-08-06
2025-12-19 14:52:45,099 - db_helper - INFO - fetch_expenses_for_date called with 2024-08-06
2025-12-19 14:52:46,453 - db_helper - INFO - fetch_expenses_for_date called with 2024-08-06
2025-12-19 14:52:49,560 - db_helper - INFO - fetch_expenses_for_date called with 2024-08-06
2025-12-19 14:52:53,639 - db_helper - INFO - fetch_expenses_for_date called with 2024-08-06
2025-12-19 14:53:02,527 - db_helper - INFO - fetch_expenses_for_date called with 2024-08-06
2025-12-19 14:53:05,792 - db_helper - INFO - fetch_expenses_for_date called with 2024-08-06
2025-12-19 14:53:07,893 - db_helper - INFO - fetch_expenses_for_date called with 2024-08-06
2025-12-19 14:53:11,682 - db_helper - INFO - fetch_expenses_for_date called with 2024-08-06
2025-12-19 14:53:13,100 - db_helper - INFO - fetch_expenses_for_date called with 2024-08-06
2025-12-19 14:53:15,734 - db_helper - INFO - fetch_expenses_for_date called with 2024-08-06
2025-12-19 14:53:20,079 - db_helper - INFO - fetch_expenses_for_date called with 2024-08-06
2025-12-19 14:53:22,207 - db_helper - INFO - fetch_expenses_for_date called with 2024-08-06
2025-12-19 14:53:26,636 - db_helper - INFO - fetch_expenses_for_date called with 2024-08-06
2025-12-19 14:54:23,245 - db_helper - INFO - fetch_expenses_for_date called with 2024-08-06
2025-12-19 14:54:27,123 - db_helper - INFO - fetch_expenses_for_date called with 2024-08-06
2025-12-19 14:54:33,731 - db_helper - INFO - fetch_expenses_for_date called with 2024-08-06
2025-12-19 14:54:46,567 - db_helper - INFO - fetch_expenses_for_date called with 2024-08-06
2025-12-19 14:54:47,575 - db_helper - INFO - fetch_expenses_for_date called with 2024-08-06
2025-12-19 14:54:49,254 - db_helper - INFO - fetch_expenses_for_date called with 2024-08-06
2025-12-19 14:54:50,247 - db_helper - INFO - fetch_expenses_for_date called with 2024-08-06
2025-12-19 14:54:50,311 - db_helper - INFO - fetch_expenses_for_date called with 2024-08-06
2025-12-19 14:54:51,443 - db_helper - INFO - fetch_expenses_for_date called with 2024-08-06
2025-12-19 14:54:54,701 - db_helper - INFO - fetch_expenses_for_date called with 2024-08-06
2025-12-19 14:55:01,646 - db_helper - INFO - fetch_expenses_for_date called with 2024-08-06
2025-12-19 14:55:02,972 - db_helper - INFO - fetch_expenses_for_date called with 2024-08-06
2025-12-19 14:56:00,457 - db_helper - INFO - fetch_expenses_for_date called with 2024-08-07
2025-12-19 14:58:11,007 - db_helper - INFO - fetch_expenses_for_date called with 2024-08-07
2025-12-19 14:58:13,230 - db_helper - INFO - delete_expenses_for_date called with 2024-08-07
2025-12-19 14:58:13,261 - db_helper - INFO - insert_expense called with date: 2024-08-07, amount: 20.0, category: Shopping, notes: Bought coconut
2025-12-19 14:58:13,297 - db_helper - INFO - insert_expense called with date: 2024-08-07, amount: 15.0, category: Shopping, notes: Bought hair oil
2025-12-19 14:58:13,318 - db_helper - INFO - insert_expense called with date: 2024-08-07, amount: 40.0, category: Food, notes: Pakoda
2025-12-19 14:59:16,192 - db_helper - INFO - fetch_expenses_for_date called with 2024-08-06
2025-12-19 14:59:21,878 - db_helper - INFO - fetch_expenses_for_date called with 2024-08-08
2025-12-19 14:59:25,996 - db_helper - INFO - fetch_expenses_for_date called with 2024-08-07
2025-12-19 15:18:09,323 - db_helper - INFO - fetch_expense_summary called with start: 2024-08-01 end: 2024-08-05
2025-12-19 17:55:08,022 - db_helper - INFO - fetch_expenses_for_date called with 2024-08-05
2025-12-19 18:58:39,371 - db_helper - INFO - fetch_expense_summary called with start: 2024-08-01 end: 2024-08-05
2025-12-19 19:19:24,730 - db_helper - INFO - fetch_expenses_for_date called with 2024-08-05
2025-12-19 19:20:00,727 - db_helper - INFO - fetch_expenses_for_date called with 2024-08-05
2025-12-19 19:20:04,610 - db_helper - INFO - fetch_expenses_for_date called with 2024-08-05
2025-12-19 19:20:05,990 - db_helper - INFO - fetch_expenses_for_date called with 2024-08-05
2025-12-19 19:20:10,055 - db_helper - INFO - fetch_expenses_for_date called with 2024-08-05
2025-12-19 19:20:13,799 - db_helper - INFO - fetch_expenses_for_date called with 2024-08-05
2025-12-19 19:20:20,392 - db_helper - INFO - fetch_expenses_for_date called with 2024-08-05
2025-12-19 19:20:31,673 - db_helper - INFO - fetch_expenses_for_date called with 2024-08-05
2025-12-19 19:20:42,228 - db_helper - INFO - fetch_expenses_for_date called with 2024-08-05
2025-12-19 19:20:44,429 - db_helper - INFO - fetch_expenses_for_date called with 2024-08-05
2025-12-19 19:20:46,381 - db_helper - INFO - fetch_expenses_for_date called with 2024-08-05
2025-12-19 19:21:04,970 - db_helper - INFO - fetch_expenses_for_date called with 2024-08-05
2025-12-19 19:21:29,908 - db_helper - INFO - fetch_expenses_for_date called with 2024-08-05
2025-12-19 19:21:33,037 - db_helper - INFO - fetch_expenses_for_date called with 2024-08-05
2025-12-19 19:21:34,066 - db_helper - INFO - fetch_expenses_for_date called with 2024-08-05
2025-12-19 19:21:35,484 - db_helper - INFO - fetch_expenses_for_date called with 2024-08-05
2025-12-19 19:21:37,735 - db_helper - INFO - fetch_expenses_for_date called with 2024-08-05
2025-12-19 19:21:40,351 - db_helper - INFO - fetch_expenses_for_date called with 2024-08-05
2025-12-19 19:21:43,985 - db_helper - INFO - fetch_expenses_for_date called with 2024-08-05
2025-12-19 19:21:46,019 - db_helper - INFO - fetch_expenses_for_date called with 2024-08-05
2025-12-19 19:21:47,768 - db_helper - INFO - fetch_expenses_for_date called with 2024-08-05
2025-12-19 19:21:49,663 - db_helper - INFO - fetch_expenses_for_date called with 2024-08-05
2025-12-19 19:21:51,178 - db_helper - INFO - fetch_expenses_for_date called with 2024-08-05
2025-12-19 19:21:52,606 - db_helper - INFO - fetch_expenses_for_date called with 2024-08-05
2025-12-19 19:22:07,214 - db_helper - INFO - fetch_expenses_for_date called with 2024-08-05
2025-12-19 19:22:09,927 - db_helper - INFO - fetch_expenses_for_date called with 2024-08-05
2025-12-19 19:22:13,773 - db_helper - INFO - fetch_expenses_for_date called with 2024-08-05
2025-12-19 19:22:16,212 - db_helper - INFO - fetch_expenses_for_date called with 2024-08-05
2025-12-19 19:22:18,408 - db_helper - INFO - fetch_expenses_for_date called with 2024-08-05
2025-12-19 19:22:19,800 - db_helper - INFO - fetch_expenses_for_date called with 2024-08-05
2025-12-19 19:22:22,712 - db_helper - INFO - fetch_expenses_for_date called with 2024-08-05
2025-12-19 19:22:24,686 - db_helper - INFO - fetch_expenses_for_date called with 2024-08-05
2025-12-19 19:22:27,647 - db_helper - INFO - fetch_expenses_for_date called with 2024-08-05
2025-12-19 19:22:35,972 - db_helper - INFO - fetch_expenses_for_date called with 2024-08-05
2025-12-19 19:22:58,060 - db_helper - INFO - fetch_expenses_for_date called with 2024-08-05
2025-12-19 19:22:59,571 - db_helper - INFO - fetch_expenses_for_date called with 2024-08-05
2025-12-19 19:23:03,061 - db_helper - INFO - fetch_expenses_for_date called with 2024-08-05
2025-12-19 19:23:04,575 - db_helper - INFO - fetch_expenses_for_date called with 2024-08-05
2025-12-19 19:23:06,778 - db_helper - INFO - fetch_expenses_for_date called with 2024-08-05
2025-12-19 19:23:08,316 - db_helper - INFO - fetch_expenses_for_date called with 2024-08-05
2025-12-19 19:23:16,113 - db_helper - INFO - fetch_expenses_for_date called with 2024-08-05
2025-12-19 19:23:41,168 - db_helper - INFO - fetch_expenses_for_date called with 2024-08-05
2025-12-19 19:23:42,963 - db_helper - INFO - fetch_expenses_for_date called with 2024-08-05
2025-12-19 19:23:44,986 - db_helper - INFO - fetch_expenses_for_date called with 2024-08-05
2025-12-19 19:23:50,483 - db_helper - INFO - fetch_expenses_for_date called with 2024-08-05
2025-12-19 19:23:58,825 - db_helper - INFO - fetch_expenses_for_date called with 2024-08-05
2025-12-19 19:24:01,511 - db_helper - INFO - fetch_expenses_for_date called with 2024-08-05
2025-12-19 19:24:05,389 - db_helper - INFO - fetch_expenses_for_date called with 2024-08-05
2025-12-19 19:24:07,304 - db_helper - INFO - fetch_expenses_for_date called with 2024-08-05
2025-12-19 19:24:09,247 - db_helper - INFO - fetch_expenses_for_date called with 2024-08-05
2025-12-19 19:24:13,775 - db_helper - INFO - fetch_expenses_for_date called with 2024-08-05
2025-12-19 19:24:14,948 - db_helper - INFO - fetch_expenses_for_date called with 2024-08-05
2025-12-19 19:24:18,490 - db_helper - INFO - fetch_expenses_for_date called with 2024-08-05
2025-12-19 19:24:23,272 - db_helper - INFO - fetch_expenses_for_date called with 2024-08-05
2025-12-19 19:24:37,835 - db_helper - INFO - fetch_expenses_for_date called with 2024-08-05
2025-12-19 19:24:41,140 - db_helper - INFO - fetch_expenses_for_date called with 2024-08-05
2025-12-19 19:24:43,427 - db_helper - INFO - fetch_expenses_for_date called with 2024-08-05
2025-12-19 19:24:48,229 - db_helper - INFO - fetch_expenses_for_date called with 2024-08-05
2025-12-19 19:24:59,719 - db_helper - INFO - fetch_expenses_for_date called with 2024-08-05
2025-12-19 19:25:22,267 - db_helper - INFO - fetch_expenses_for_date called with 2024-08-01
2025-12-19 19:25:24,318 - db_helper - INFO - fetch_expense_summary called with start: 2024-08-01 end: 2024-08-05
2025-12-19 19:25:53,839 - db_helper - INFO - fetch_expenses_for_date called with 2024-08-01
2025-12-19 19:26:06,614 - db_helper - INFO - fetch_expenses_for_date called with 2024-08-01
2025-12-19 19:26:08,994 - db_helper - INFO - fetch_expenses_for_date called with 2024-08-01
2025-12-19 19:26:12,919 - db_helper - INFO - fetch_expenses_for_date called with 2024-08-01
2025-12-19 19:26:14,509 - db_helper - INFO - fetch_expenses_for_date called with 2024-08-01
2025-12-19 19:26:20,010 - db_helper - INFO - fetch_expenses_for_date called with 2024-08-01
2025-12-19 19:26:22,632 - db_helper - INFO - fetch_expenses_for_date called with 2024-08-01
2025-12-19 19:26:25,633 - db_helper - INFO - fetch_expenses_for_date called with 2024-08-01
2025-12-19 19:26:28,374 - db_helper - INFO - fetch_expenses_for_date called with 2024-08-01
2025-12-19 19:26:31,343 - db_helper - INFO - fetch_expenses_for_date called with 2024-08-01
2025-12-19 19:26:33,218 - db_helper - INFO - fetch_expenses_for_date called with 2024-08-01
2025-12-19 19:26:38,503 - db_helper - INFO - fetch_expenses_for_date called with 2024-08-01
2025-12-19 19:26:47,599 - db_helper - INFO - fetch_expenses_for_date called with 2024-08-01
2025-12-19 19:26:49,080 - db_helper - INFO - fetch_expenses_for_date called with 2024-08-01
2025-12-19 19:26:57,351 - db_helper - INFO - fetch_expenses_for_date called with 2024-08-01
2025-12-19 19:26:59,807 - db_helper - INFO - fetch_expenses_for_date called with 2024-08-01
2025-12-19 19:27:05,658 - db_helper - INFO - fetch_expenses_for_date called with 2024-08-01
2025-12-19 19:27:10,685 - db_helper - INFO - fetch_expenses_for_date called with 2024-08-01
2025-12-19 19:27:15,216 - db_helper - INFO - fetch_expenses_for_date called with 2024-08-01
2025-12-19 19:27:26,736 - db_helper - INFO - fetch_expenses_for_date called with 2024-08-01
2025-12-19 19:27:28,789 - db_helper - INFO - fetch_expense_summary called with start: 2024-08-01 end: 2024-08-05
2025-12-19 19:28:02,938 - db_helper - INFO - fetch_expenses_for_date called with 2024-08-01
2025-12-19 19:28:04,497 - db_helper - INFO - fetch_expenses_for_date called with 2024-08-01
2025-12-19 19:28:06,771 - db_helper - INFO - fetch_expenses_for_date called with 2024-08-01
2025-12-19 19:28:08,570 - db_helper - INFO - fetch_expenses_for_date called with 2024-08-01
2025-12-19 19:28:16,595 - db_helper - INFO - fetch_expenses_for_date called with 2024-08-01
2025-12-19 19:28:17,932 - db_helper - INFO - fetch_expenses_for_date called with 2024-08-01
2025-12-19 19:28:25,384 - db_helper - INFO - fetch_expenses_for_date called with 2024-08-01
2025-12-19 19:28:29,400 - db_helper - INFO - fetch_expenses_for_date called with 2024-08-01
2025-12-19 19:28:32,437 - db_helper - INFO - fetch_expenses_for_date called with 2024-08-01
2025-12-19 19:28:34,055 - db_helper - INFO - fetch_expenses_for_date called with 2024-08-01
2025-12-19 19:28:48,409 - db_helper - INFO - fetch_expenses_for_date called with 2024-08-01
2025-12-19 19:28:52,705 - db_helper - INFO - fetch_expenses_for_date called with 2024-08-01
2025-12-19 19:29:02,222 - db_helper - INFO - fetch_expenses_for_date called with 2024-08-01
2025-12-19 19:29:22,163 - db_helper - INFO - fetch_expenses_for_date called with 2024-08-01
2025-12-19 19:29:32,101 - db_helper - INFO - fetch_expenses_for_date called with 2024-08-01
2025-12-19 19:29:36,356 - db_helper - INFO - fetch_expenses_for_date called with 2024-08-01
2025-12-19 19:29:43,331 - db_helper - INFO - fetch_expenses_for_date called with 2024-08-01
2025-12-19 19:29:52,463 - db_helper - INFO - fetch_expenses_for_date called with 2024-08-01
2025-12-19 19:30:28,651 - db_helper - INFO - fetch_expenses_for_date called with 2024-08-01
2025-12-19 19:30:39,272 - db_helper - INFO - fetch_expenses_for_date called with 2024-08-01
2025-12-19 19:30:41,095 - db_helper - INFO - fetch_expenses_for_date called with 2024-08-01
2025-12-19 19:30:43,535 - db_helper - INFO - fetch_expenses_for_date called with 2024-08-01
2025-12-19 19:30:45,915 - db_helper - INFO - fetch_expenses_for_date called with 2024-08-01
2025-12-19 19:30:50,495 - db_helper - INFO - fetch_expenses_for_date called with 2024-08-01
2025-12-19 19:30:54,141 - db_helper - INFO - fetch_expenses_for_date called with 2024-08-01
2025-12-19 19:30:58,088 - db_helper - INFO - fetch_expenses_for_date called with 2024-08-01
2025-12-19 19:31:01,111 - db_helper - INFO - fetch_expenses_for_date called with 2024-08-01
2025-12-19 19:31:02,156 - db_helper - INFO - fetch_expenses_for_date called with 2024-08-01
2025-12-19 19:31:03,461 - db_helper - INFO - fetch_expenses_for_date called with 2024-08-01
2025-12-19 19:31:07,442 - db_helper - INFO - fetch_expenses_for_date called with 2024-08-01
2025-12-19 19:31:11,138 - db_helper - INFO - fetch_expenses_for_date called with 2024-08-01
2025-12-19 19:31:18,106 - db_helper - INFO - fetch_expenses_for_date called with 2024-08-01
2025-12-19 19:31:24,120 - db_helper - INFO - fetch_expenses_for_date called with 2024-08-01
2025-12-19 19:31:29,298 - db_helper - INFO - fetch_expenses_for_date called with 2024-08-01
2025-12-19 19:31:30,270 - db_helper - INFO - fetch_expenses_for_date called with 2024-08-01
2025-12-19 19:31:35,041 - db_helper - INFO - fetch_expenses_for_date called with 2024-08-01
2025-12-19 19:31:37,136 - db_helper - INFO - fetch_expense_summary called with start: 2024-08-01 end: 2024-08-05
2025-12-19 19:31:49,554 - db_helper - INFO - fetch_expenses_for_date called with 2024-08-01
2025-12-19 19:31:52,543 - db_helper - INFO - fetch_expenses_for_date called with 2024-08-01
2025-12-19 19:31:55,294 - db_helper - INFO - fetch_expenses_for_date called with 2024-08-01
2025-12-19 19:31:58,009 - db_helper - INFO - fetch_expenses_for_date called with 2024-08-01
2025-12-19 19:32:01,029 - db_helper - INFO - fetch_expenses_for_date called with 2024-08-01
2025-12-19 19:32:02,530 - db_helper - INFO - fetch_expenses_for_date called with 2024-08-01
2025-12-19 19:32:06,669 - db_helper - INFO - fetch_expenses_for_date called with 2024-08-01
2025-12-19 19:32:13,097 - db_helper - INFO - fetch_expenses_for_date called with 2024-08-01
2025-12-19 19:32:15,559 - db_helper - INFO - fetch_expenses_for_date called with 2024-08-01
2025-12-19 19:32:20,562 - db_helper - INFO - fetch_expenses_for_date called with 2024-08-01
2025-12-19 19:32:27,589 - db_helper - INFO - fetch_expenses_for_date called with 2024-08-01
2025-12-19 19:32:43,837 - db_helper - INFO - fetch_expenses_for_date called with 2024-08-01
2025-12-19 19:32:45,926 - db_helper - INFO - fetch_expense_summary called with start: 2024-08-01 end: 2024-08-05
2025-12-19 19:34:14,320 - db_helper - INFO - fetch_expenses_for_date called with 2024-08-01
2025-12-19 19:34:16,599 - db_helper - INFO - fetch_expenses_for_date called with 2024-08-01
2025-12-19 19:34:17,902 - db_helper - INFO - fetch_expenses_for_date called with 2024-08-01
2025-12-19 19:34:24,031 - db_helper - INFO - fetch_expenses_for_date called with 2024-08-01
2025-12-19 19:34:34,926 - db_helper - INFO - fetch_expenses_for_date called with 2024-08-01
2025-12-19 19:34:39,487 - db_helper - INFO - fetch_expenses_for_date called with 2024-08-01
2025-12-19 19:34:47,023 - db_helper - INFO - fetch_expenses_for_date called with 2024-08-01
2025-12-19 19:34:49,084 - db_helper - INFO - fetch_expense_summary called with start: 2024-08-01 end: 2024-08-05
2025-12-19 19:36:35,437 - db_helper - INFO - fetch_expenses_for_date called with 2024-08-01
2025-12-19 19:39:59,375 - db_helper - INFO - fetch_expenses_for_date called with 2024-08-01
2025-12-19 19:40:04,518 - db_helper - INFO - fetch_expenses_for_date called with 2024-08-01
2025-12-19 19:40:06,579 - db_helper - INFO - fetch_expense_summary called with start: 2024-08-01 end: 2024-08-05
2025-12-19 19:40:18,306 - db_helper - INFO - fetch_expenses_for_date called with 2024-08-01
2025-12-19 19:40:23,577 - db_helper - INFO - fetch_expenses_for_date called with 2024-08-01
2025-12-19 19:40:25,635 - db_helper - INFO - fetch_expense_summary called with start: 2024-08-01 end: 2024-08-05
2025-12-20 10:05:06,614 - db_helper - INFO - fetch_expenses_for_date called with 2024-08-01
2025-12-20 10:05:55,475 - db_helper - INFO - fetch_expenses_for_date called with 2024-08-01
2025-12-20 10:06:07,177 - db_helper - INFO - fetch_expenses_for_date called with 2024-08-01
2025-12-20 10:06:09,294 - db_helper - INFO - fetch_expense_summary called with start: 2024-08-01 end: 2024-08-05
2025-12-20 10:08:25,346 - db_helper - INFO - fetch_expenses_for_date called with 2024-08-01
2025-12-20 10:08:34,291 - db_helper - INFO - fetch_expenses_for_date called with 2024-08-01
2025-12-20 10:08:36,430 - db_helper - INFO - fetch_expense_summary called with start: 2024-08-01 end: 2024-08-05
2025-12-20 10:10:35,110 - db_helper - INFO - fetch_expenses_for_date called with 2024-08-01
2025-12-20 10:17:03,196 - db_helper - INFO - fetch_expenses_for_date called with 2024-08-01
2025-12-20 10:17:05,285 - db_helper - INFO - fetch_expense_summary called with start: 2024-08-01 end: 2024-08-05
2025-12-20 10:19:53,985 - db_helper - INFO - fetch_expenses_for_date called with 2024-08-01
2025-12-20 10:20:27,323 - db_helper - INFO - fetch_expenses_for_date called with 2024-08-01
2025-12-20 10:20:30,787 - db_helper - INFO - fetch_expenses_for_date called with 2024-08-01
2025-12-20 10:25:02,604 - db_helper - INFO - fetch_expenses_for_date called with 2024-08-01
2025-12-20 10:25:04,979 - db_helper - INFO - fetch_expenses_for_date called with 2024-08-01
2025-12-20 10:28:59,493 - db_helper - INFO - fetch_expenses_for_date called with 2024-08-01
2025-12-20 10:29:51,147 - db_helper - INFO - fetch_expenses_for_date called with 2024-08-01
2025-12-20 10:29:53,050 - db_helper - INFO - fetch_expenses_for_date called with 2024-08-01
2025-12-20 10:29:55,812 - db_helper - INFO - fetch_expenses_for_date called with 2024-08-01
2025-12-20 10:30:15,212 - db_helper - INFO - fetch_expenses_for_date called with 2024-08-01
2025-12-20 10:30:18,253 - db_helper - INFO - fetch_expenses_for_date called with 2024-08-01
2025-12-20 10:30:20,638 - db_helper - INFO - fetch_expenses_for_date called with 2024-08-01
2025-12-20 10:30:22,586 - db_helper - INFO - fetch_expenses_for_date called with 2024-08-01
2025-12-20 10:30:28,800 - db_helper - INFO - fetch_expenses_for_date called with 2024-08-01
2025-12-20 10:30:35,037 - db_helper - INFO - fetch_expenses_for_date called with 2024-08-01
2025-12-20 10:30:37,548 - db_helper - INFO - fetch_expenses_for_date called with 2024-08-01
2025-12-20 10:30:40,673 - db_helper - INFO - fetch_expenses_for_date called with 2024-08-01
2025-12-20 10:30:44,634 - db_helper - INFO - fetch_expenses_for_date called with 2024-08-01
2025-12-20 10:30:47,307 - db_helper - INFO - fetch_expenses_for_date called with 2024-08-01
2025-12-20 10:30:51,513 - db_helper - INFO - fetch_expenses_for_date called with 2024-08-01
2025-12-20 10:31:45,981 - db_helper - INFO - fetch_expenses_for_date called with 2024-08-01
2025-12-20 10:31:55,301 - db_helper - INFO - fetch_expenses_for_date called with 2024-08-01
2025-12-20 10:34:06,808 - db_helper - INFO - fetch_expenses_for_date called with 2024-08-01
2025-12-20 10:34:29,547 - db_helper - INFO - fetch_expenses_for_date called with 2024-08-01
2025-12-20 10:34:55,910 - db_helper - INFO - fetch_expenses_for_date called with 2024-08-01
2025-12-20 10:38:53,253 - db_helper - INFO - fetch_expenses_for_date called with 2024-08-01
2025-12-20 10:39:20,159 - db_helper - INFO - fetch_expenses_for_date called with 2024-08-01
2025-12-20 10:39:23,031 - db_helper - INFO - fetch_expenses_for_date called with 2024-08-01
2025-12-20 10:39:27,787 - db_helper - INFO - fetch_expenses_for_date called with 2024-08-01
2025-12-20 10:39:29,906 - db_helper - INFO - fetch_expense_summary called with start: 2024-08-01 end: 2024-08-05
2025-12-20 10:39:41,147 - db_helper - INFO - fetch_expenses_for_date called with 2024-08-01
2025-12-20 10:47:21,633 - db_helper - INFO - fetch_expenses_for_date called with 2024-08-01
2025-12-20 10:47:23,705 - db_helper - INFO - fetch_expense_summary called with start: 2024-08-01 end: 2024-08-05
2025-12-20 10:47:32,073 - db_helper - INFO - fetch_expenses_for_date called with 2024-08-01
2025-12-20 10:47:34,201 - db_helper - INFO - fetch_monthly_expenses called
2025-12-20 10:48:20,279 - db_helper - INFO - fetch_expenses_for_date called with 2024-08-01
2025-12-20 10:48:28,529 - db_helper - INFO - fetch_expenses_for_date called with 2024-08-01
2025-12-20 10:48:51,768 - db_helper - INFO - fetch_expenses_for_date called with 2024-08-01
2025-12-20 10:48:57,044 - db_helper - INFO - fetch_expenses_for_date called with 2024-08-01
2025-12-20 10:49:03,522 - db_helper - INFO - fetch_expenses_for_date called with 2024-08-01
2025-12-20 10:49:07,062 - db_helper - INFO - fetch_expenses_for_date called with 2024-08-01
2025-12-20 10:49:14,955 - db_helper - INFO - fetch_expenses_for_date called with 2024-08-01
2025-12-20 10:49:20,791 - db_helper - INFO - fetch_expenses_for_date called with 2024-08-01
2025-12-20 10:49:22,227 - db_helper - INFO - fetch_expenses_for_date called with 2024-08-01
2025-12-20 10:49:24,341 - db_helper - INFO - fetch_monthly_expenses called
2025-12-20 10:49:42,940 - db_helper - INFO - fetch_expenses_for_date called with 2024-08-01
2025-12-20 10:49:46,865 - db_helper - INFO - fetch_expenses_for_date called with 2024-08-01
2025-12-20 10:49:48,926 - db_helper - INFO - fetch_monthly_expenses called
2025-12-20 10:50:13,973 - db_helper - INFO - fetch_expenses_for_date called with 2024-08-01
2025-12-20 10:50:17,910 - db_helper - INFO - fetch_expenses_for_date called with 2024-08-01
2025-12-20 10:50:20,040 - db_helper - INFO - fetch_monthly_expenses called
2025-12-20 10:53:33,415 - db_helper - INFO - fetch_expenses_for_date called with 2024-08-01
2025-12-20 10:53:35,504 - db_helper - INFO - fetch_monthly_expenses called
2025-12-20 10:53:40,055 - db_helper - INFO - fetch_expenses_for_date called with 2024-08-01
2025-12-20 10:53:42,128 - db_helper - INFO - fetch_monthly_expenses called
2025-12-20 10:54:18,888 - db_helper - INFO - fetch_expenses_for_date called with 2024-08-01
2025-12-20 10:54:20,946 - db_helper - INFO - fetch_monthly_expenses called
2025-12-20 10:55:38,415 - db_helper - INFO - fetch_expenses_for_date called with 2024-08-01
2025-12-20 10:55:40,476 - db_helper - INFO - fetch_monthly_expenses called
2025-12-20 10:55:56,903 - db_helper - INFO - fetch_expenses_for_date called with 2024-08-01
2025-12-20 10:55:58,957 - db_helper - INFO - fetch_expense_summary called with start: 2024-08-01 end: 2024-08-05
2025-12-20 10:56:01,008 - db_helper - INFO - fetch_monthly_expenses called
